[0m22:02:53.267831 [debug] [MainThread]: Sending event: {'category': 'dbt', 'action': 'invocation', 'label': 'start', 'context': [<snowplow_tracker.self_describing_json.SelfDescribingJson object at 0x0000016F28488590>, <snowplow_tracker.self_describing_json.SelfDescribingJson object at 0x0000016F259E8B90>, <snowplow_tracker.self_describing_json.SelfDescribingJson object at 0x0000016F2A98B890>]}


============================== 22:02:53.278400 | 843e2c7e-ee47-48d1-ac27-c492ee35396a ==============================
[0m22:02:53.278400 [info ] [MainThread]: Running with dbt=1.12.0
[0m22:02:53.279621 [debug] [MainThread]: running dbt with arguments {'maximum_seed_size_mib': '1', 'no_print': 'None', 'static_parser': 'True', 'target_path': 'None', 'warn_error_options': 'WarnErrorOptionsV2(error=[], warn=[], silence=[])', 'version_check': 'True', 'printer_width': '80', 'write_json': 'True', 'empty': 'None', 'log_cache_events': 'False', 'introspect': 'True', 'cache_selected_only': 'False', 'log_format': 'default', 'debug': 'False', 'fail_fast': 'False', 'profiles_dir': 'C:\\Users\\Admin\\.dbt', 'send_anonymous_usage_stats': 'True', 'quiet': 'False', 'warn_error': 'None', 'partial_parse': 'True', 'indirect_selection': 'eager', 'hints_enabled': 'True', 'invocation_command': 'dbt init data_ladder_food_project', 'use_experimental_parser': 'False', 'use_colors': 'True', 'log_path': 'logs'}
[0m22:02:53.423304 [debug] [MainThread]: Starter project path: C:\Users\Admin\Desktop\data_ladder_final\venv\Lib\site-packages\dbt\include\starter_project
[0m22:02:53.467380 [info ] [MainThread]: Setting up your profile.
[0m22:04:00.658528 [info ] [MainThread]: Profile data_ladder_food_project written to C:\Users\Admin\.dbt\profiles.yml using target's profile_template.yml and your supplied values.
[0m22:04:00.682725 [info ] [MainThread]: Running dbt debug to validate the project...
[0m22:04:00.686669 [info ] [MainThread]: dbt version: 1.12.0
[0m22:04:00.687707 [info ] [MainThread]: python version: 3.14.6
[0m22:04:00.688542 [info ] [MainThread]: python path: C:\Users\Admin\Desktop\data_ladder_final\venv\Scripts\python.exe
[0m22:04:00.689647 [info ] [MainThread]: os info: Windows-11-10.0.26200-SP0
[0m22:04:00.745348 [info ] [MainThread]: Using profiles dir at C:\Users\Admin\.dbt
[0m22:04:00.746177 [info ] [MainThread]: Using profiles.yml file at C:\Users\Admin\.dbt\profiles.yml
[0m22:04:00.746678 [info ] [MainThread]: Using dbt_project.yml file at C:\Users\Admin\Desktop\data_ladder_final\data_ladder_food_project\dbt_project.yml
[0m22:04:00.749222 [info ] [MainThread]: adapter type: postgres
[0m22:04:00.749818 [info ] [MainThread]: adapter version: 1.11.0
[0m22:04:00.880388 [info ] [MainThread]: Configuration:
[0m22:04:00.881413 [info ] [MainThread]:   profiles.yml file [[32mOK found and valid[0m]
[0m22:04:00.882361 [info ] [MainThread]:   dbt_project.yml file [[32mOK found and valid[0m]
[0m22:04:00.883139 [info ] [MainThread]: Required dependencies:
[0m22:04:00.883724 [debug] [MainThread]: Executing "git --help"
[0m22:04:00.978304 [debug] [MainThread]: STDOUT: "b"usage: git [-v | --version] [-h | --help] [-C <path>] [-c <name>=<value>]\n           [--exec-path[=<path>]] [--html-path] [--man-path] [--info-path]\n           [-p | --paginate | -P | --no-pager] [--no-replace-objects] [--no-lazy-fetch]\n           [--no-optional-locks] [--no-advice] [--bare] [--git-dir=<path>]\n           [--work-tree=<path>] [--namespace=<name>] [--config-env=<name>=<envvar>]\n           <command> [<args>]\n\nThese are common Git commands used in various situations:\n\nstart a working area (see also: git help tutorial)\n   clone      Clone a repository into a new directory\n   init       Create an empty Git repository or reinitialize an existing one\n\nwork on the current change (see also: git help everyday)\n   add        Add file contents to the index\n   mv         Move or rename a file, a directory, or a symlink\n   restore    Restore working tree files\n   rm         Remove files from the working tree and from the index\n\nexamine the history and state (see also: git help revisions)\n   bisect     Use binary search to find the commit that introduced a bug\n   diff       Show changes between commits, commit and working tree, etc\n   grep       Print lines matching a pattern\n   log        Show commit logs\n   show       Show various types of objects\n   status     Show the working tree status\n\ngrow, mark and tweak your common history\n   backfill   Download missing objects in a partial clone\n   branch     List, create, or delete branches\n   commit     Record changes to the repository\n   history    EXPERIMENTAL: Rewrite history\n   merge      Join two or more development histories together\n   rebase     Reapply commits on top of another base tip\n   reset      Set `HEAD` or the index to a known state\n   switch     Switch branches\n   tag        Create, list, delete or verify tags\n\ncollaborate (see also: git help workflows)\n   fetch      Download objects and refs from another repository\n   pull       Fetch from and integrate with another repository or a local branch\n   push       Update remote refs along with associated objects\n\n'git help -a' and 'git help -g' list available subcommands and some\nconcept guides. See 'git help <command>' or 'git help <concept>'\nto read about a specific subcommand or concept.\nSee 'git help git' for an overview of the system.\n""
[0m22:04:00.979028 [debug] [MainThread]: STDERR: "b''"
[0m22:04:00.979612 [info ] [MainThread]:  - git [[32mOK found[0m]

[0m22:04:00.980453 [info ] [MainThread]: Connection:
[0m22:04:00.981343 [info ] [MainThread]:   host: localhost
[0m22:04:00.981950 [info ] [MainThread]:   port: 5432
[0m22:04:00.982466 [info ] [MainThread]:   user: postgres
[0m22:04:00.982912 [info ] [MainThread]:   database: food_project
[0m22:04:00.983626 [info ] [MainThread]:   schema: public
[0m22:04:00.984485 [info ] [MainThread]:   connect_timeout: 10
[0m22:04:00.985237 [info ] [MainThread]:   role: None
[0m22:04:00.986130 [info ] [MainThread]:   search_path: None
[0m22:04:00.986790 [info ] [MainThread]:   keepalives_idle: 0
[0m22:04:00.987481 [info ] [MainThread]:   sslmode: None
[0m22:04:00.990679 [info ] [MainThread]:   sslcert: None
[0m22:04:00.991880 [info ] [MainThread]:   sslkey: None
[0m22:04:00.992826 [info ] [MainThread]:   sslrootcert: None
[0m22:04:00.993635 [info ] [MainThread]:   application_name: dbt
[0m22:04:00.994359 [info ] [MainThread]:   autocommit: False
[0m22:04:00.995244 [info ] [MainThread]:   retries: 1
[0m22:04:00.996751 [info ] [MainThread]: Registered adapter: postgres=1.11.0
[0m22:04:01.572996 [debug] [MainThread]: Acquiring new postgres connection 'debug'
[0m22:04:01.849253 [debug] [MainThread]: Using postgres connection "debug"
[0m22:04:01.849738 [debug] [MainThread]: On debug: select 1 as id
[0m22:04:01.850150 [debug] [MainThread]: Opening a new connection, currently in state init
[0m22:04:02.063360 [debug] [MainThread]: SQL status: SELECT 1 in 0.213 seconds
[0m22:04:02.065040 [debug] [MainThread]: On debug: Close
[0m22:04:02.065568 [info ] [MainThread]:   Connection test: [[32mOK connection ok[0m]

[0m22:04:02.066470 [info ] [MainThread]: [32mAll checks passed![0m
[0m22:04:02.067558 [info ] [MainThread]: Your new dbt project "data_ladder_food_project" was created!
Initialized new project in C:\Users\Admin\Desktop\data_ladder_final\data_ladder_food_project\data_ladder_food_project

For more information on how to configure the profiles.yml file,
please consult the dbt documentation here:

  https://docs.getdbt.com/docs/configure-your-profile

One more thing:

Need help? Don't hesitate to reach out to us via GitHub issues or on Slack:

  https://community.getdbt.com/

Happy modeling!

[0m22:04:02.071039 [debug] [MainThread]: Command `dbt init` succeeded at 22:04:02.070487 after 69.27 seconds
[0m22:04:02.072202 [debug] [MainThread]: Connection 'debug' was properly closed.
[0m22:04:02.073261 [debug] [MainThread]: Sending event: {'category': 'dbt', 'action': 'invocation', 'label': 'end', 'context': [<snowplow_tracker.self_describing_json.SelfDescribingJson object at 0x0000016F2A7CF490>, <snowplow_tracker.self_describing_json.SelfDescribingJson object at 0x0000016F2AC9B9B0>, <snowplow_tracker.self_describing_json.SelfDescribingJson object at 0x0000016F28CAE580>]}
[0m22:04:02.075215 [debug] [MainThread]: Flushing usage events
[0m22:04:03.428620 [debug] [MainThread]: An error was encountered while trying to flush usage events
[0m22:04:11.343136 [debug] [MainThread]: Sending event: {'category': 'dbt', 'action': 'invocation', 'label': 'start', 'context': [<snowplow_tracker.self_describing_json.SelfDescribingJson object at 0x000001DFEB1B8590>, <snowplow_tracker.self_describing_json.SelfDescribingJson object at 0x000001DFE8718B90>, <snowplow_tracker.self_describing_json.SelfDescribingJson object at 0x000001DFED6BB890>]}


============================== 22:04:11.350745 | 121a64d4-9d6f-4d0d-bb6e-56d7565f08da ==============================
[0m22:04:11.350745 [info ] [MainThread]: Running with dbt=1.12.0
[0m22:04:11.352214 [debug] [MainThread]: running dbt with arguments {'static_parser': 'True', 'no_print': 'None', 'version_check': 'True', 'target_path': 'None', 'warn_error_options': 'WarnErrorOptionsV2(error=[], warn=[], silence=[])', 'maximum_seed_size_mib': '1', 'printer_width': '80', 'write_json': 'True', 'empty': 'None', 'log_cache_events': 'False', 'introspect': 'True', 'cache_selected_only': 'False', 'log_format': 'default', 'debug': 'False', 'fail_fast': 'False', 'partial_parse': 'True', 'send_anonymous_usage_stats': 'True', 'quiet': 'False', 'warn_error': 'None', 'profiles_dir': 'C:\\Users\\Admin\\.dbt', 'invocation_command': 'dbt debug', 'hints_enabled': 'True', 'use_colors': 'True', 'use_experimental_parser': 'False', 'indirect_selection': 'eager', 'log_path': 'logs'}
[0m22:04:11.454445 [info ] [MainThread]: dbt version: 1.12.0
[0m22:04:11.455082 [info ] [MainThread]: python version: 3.14.6
[0m22:04:11.455597 [info ] [MainThread]: python path: C:\Users\Admin\Desktop\data_ladder_final\venv\Scripts\python.exe
[0m22:04:11.456042 [info ] [MainThread]: os info: Windows-11-10.0.26200-SP0
[0m22:04:11.550349 [info ] [MainThread]: Using profiles dir at C:\Users\Admin\.dbt
[0m22:04:11.551408 [info ] [MainThread]: Using profiles.yml file at C:\Users\Admin\.dbt\profiles.yml
[0m22:04:11.552523 [info ] [MainThread]: Using dbt_project.yml file at C:\Users\Admin\Desktop\data_ladder_final\dbt_project.yml
[0m22:04:11.553471 [error] [MainThread]: [[31mERROR[0m]: Encountered an error:
Internal Error
  Profile should not be None if loading profile completed
[0m22:04:11.555152 [debug] [MainThread]: Command `dbt debug` failed at 22:04:11.554937 after 0.52 seconds
[0m22:04:11.555727 [debug] [MainThread]: Sending event: {'category': 'dbt', 'action': 'invocation', 'label': 'end', 'context': [<snowplow_tracker.self_describing_json.SelfDescribingJson object at 0x000001DFED73F5C0>, <snowplow_tracker.self_describing_json.SelfDescribingJson object at 0x000001DFED7B2450>, <snowplow_tracker.self_describing_json.SelfDescribingJson object at 0x000001DFED77DBF0>]}
[0m22:04:11.556327 [debug] [MainThread]: Flushing usage events
[0m22:04:12.616325 [debug] [MainThread]: An error was encountered while trying to flush usage events
